Archive member included because of file (symbol)

/home/sbcm/Dropbox/pcb-layouts/axo-427-core/ksoloti/platform_linux/bin/../lib/gcc/arm-none-eabi/4.9.3/../../../../arm-none-eabi/lib/armv7e-m/fpu/libm.a(lib_a-sf_cos.o)
                              build/obj/axoloti_math.o (cosf)
/home/sbcm/Dropbox/pcb-layouts/axo-427-core/ksoloti/platform_linux/bin/../lib/gcc/arm-none-eabi/4.9.3/../../../../arm-none-eabi/lib/armv7e-m/fpu/libm.a(lib_a-sf_sin.o)
                              build/obj/axoloti_math.o (sinf)
/home/sbcm/Dropbox/pcb-layouts/axo-427-core/ksoloti/platform_linux/bin/../lib/gcc/arm-none-eabi/4.9.3/../../../../arm-none-eabi/lib/armv7e-m/fpu/libm.a(lib_a-w_log.o)
                              build/obj/axoloti_math.o (log)
/home/sbcm/Dropbox/pcb-layouts/axo-427-core/ksoloti/platform_linux/bin/../lib/gcc/arm-none-eabi/4.9.3/../../../../arm-none-eabi/lib/armv7e-m/fpu/libm.a(lib_a-w_pow.o)
                              build/obj/axoloti_math.o (pow)
/home/sbcm/Dropbox/pcb-layouts/axo-427-core/ksoloti/platform_linux/bin/../lib/gcc/arm-none-eabi/4.9.3/../../../../arm-none-eabi/lib/armv7e-m/fpu/libm.a(lib_a-wf_pow.o)
                              build/obj/axoloti_math.o (powf)
/home/sbcm/Dropbox/pcb-layouts/axo-427-core/ksoloti/platform_linux/bin/../lib/gcc/arm-none-eabi/4.9.3/../../../../arm-none-eabi/lib/armv7e-m/fpu/libm.a(lib_a-e_log.o)
                              /home/sbcm/Dropbox/pcb-layouts/axo-427-core/ksoloti/platform_linux/bin/../lib/gcc/arm-none-eabi/4.9.3/../../../../arm-none-eabi/lib/armv7e-m/fpu/libm.a(lib_a-w_log.o) (__ieee754_log)
/home/sbcm/Dropbox/pcb-layouts/axo-427-core/ksoloti/platform_linux/bin/../lib/gcc/arm-none-eabi/4.9.3/../../../../arm-none-eabi/lib/armv7e-m/fpu/libm.a(lib_a-e_pow.o)
                              /home/sbcm/Dropbox/pcb-layouts/axo-427-core/ksoloti/platform_linux/bin/../lib/gcc/arm-none-eabi/4.9.3/../../../../arm-none-eabi/lib/armv7e-m/fpu/libm.a(lib_a-w_pow.o) (__ieee754_pow)
/home/sbcm/Dropbox/pcb-layouts/axo-427-core/ksoloti/platform_linux/bin/../lib/gcc/arm-none-eabi/4.9.3/../../../../arm-none-eabi/lib/armv7e-m/fpu/libm.a(lib_a-e_sqrt.o)
                              /home/sbcm/Dropbox/pcb-layouts/axo-427-core/ksoloti/platform_linux/bin/../lib/gcc/arm-none-eabi/4.9.3/../../../../arm-none-eabi/lib/armv7e-m/fpu/libm.a(lib_a-e_pow.o) (__ieee754_sqrt)
/home/sbcm/Dropbox/pcb-layouts/axo-427-core/ksoloti/platform_linux/bin/../lib/gcc/arm-none-eabi/4.9.3/../../../../arm-none-eabi/lib/armv7e-m/fpu/libm.a(lib_a-ef_pow.o)
                              /home/sbcm/Dropbox/pcb-layouts/axo-427-core/ksoloti/platform_linux/bin/../lib/gcc/arm-none-eabi/4.9.3/../../../../arm-none-eabi/lib/armv7e-m/fpu/libm.a(lib_a-wf_pow.o) (__ieee754_powf)
/home/sbcm/Dropbox/pcb-layouts/axo-427-core/ksoloti/platform_linux/bin/../lib/gcc/arm-none-eabi/4.9.3/../../../../arm-none-eabi/lib/armv7e-m/fpu/libm.a(lib_a-ef_rem_pio2.o)
                              /home/sbcm/Dropbox/pcb-layouts/axo-427-core/ksoloti/platform_linux/bin/../lib/gcc/arm-none-eabi/4.9.3/../../../../arm-none-eabi/lib/armv7e-m/fpu/libm.a(lib_a-sf_cos.o) (__ieee754_rem_pio2f)
/home/sbcm/Dropbox/pcb-layouts/axo-427-core/ksoloti/platform_linux/bin/../lib/gcc/arm-none-eabi/4.9.3/../../../../arm-none-eabi/lib/armv7e-m/fpu/libm.a(lib_a-ef_sqrt.o)
                              /home/sbcm/Dropbox/pcb-layouts/axo-427-core/ksoloti/platform_linux/bin/../lib/gcc/arm-none-eabi/4.9.3/../../../../arm-none-eabi/lib/armv7e-m/fpu/libm.a(lib_a-ef_pow.o) (__ieee754_sqrtf)
/home/sbcm/Dropbox/pcb-layouts/axo-427-core/ksoloti/platform_linux/bin/../lib/gcc/arm-none-eabi/4.9.3/../../../../arm-none-eabi/lib/armv7e-m/fpu/libm.a(lib_a-kf_cos.o)
                              /home/sbcm/Dropbox/pcb-layouts/axo-427-core/ksoloti/platform_linux/bin/../lib/gcc/arm-none-eabi/4.9.3/../../../../arm-none-eabi/lib/armv7e-m/fpu/libm.a(lib_a-sf_cos.o) (__kernel_cosf)
/home/sbcm/Dropbox/pcb-layouts/axo-427-core/ksoloti/platform_linux/bin/../lib/gcc/arm-none-eabi/4.9.3/../../../../arm-none-eabi/lib/armv7e-m/fpu/libm.a(lib_a-kf_rem_pio2.o)
                              /home/sbcm/Dropbox/pcb-layouts/axo-427-core/ksoloti/platform_linux/bin/../lib/gcc/arm-none-eabi/4.9.3/../../../../arm-none-eabi/lib/armv7e-m/fpu/libm.a(lib_a-ef_rem_pio2.o) (__kernel_rem_pio2f)
/home/sbcm/Dropbox/pcb-layouts/axo-427-core/ksoloti/platform_linux/bin/../lib/gcc/arm-none-eabi/4.9.3/../../../../arm-none-eabi/lib/armv7e-m/fpu/libm.a(lib_a-kf_sin.o)
                              /home/sbcm/Dropbox/pcb-layouts/axo-427-core/ksoloti/platform_linux/bin/../lib/gcc/arm-none-eabi/4.9.3/../../../../arm-none-eabi/lib/armv7e-m/fpu/libm.a(lib_a-sf_cos.o) (__kernel_sinf)
/home/sbcm/Dropbox/pcb-layouts/axo-427-core/ksoloti/platform_linux/bin/../lib/gcc/arm-none-eabi/4.9.3/../../../../arm-none-eabi/lib/armv7e-m/fpu/libm.a(lib_a-s_fabs.o)
[...]
Memory Configuration

Name             Origin             Length             Attributes
flash            0x08000000         0x000e0000         xr
ram              0x20000200         0x0000ae00
SRAM2            0x2001e000         0x00002000
SRAM3            0x20020000         0x00010000
CCMRAMEND        0x1000c000         0x00002800
sdram            0xc0000000         0x00400000
*default*        0x00000000         0xffffffff

Linker script and memory map

LOAD build/obj/arm_bitreversal2.o
LOAD build/obj/crt0.o
LOAD build/obj/vectors.o
LOAD build/obj/chcore.o
LOAD build/obj/chcore_v7m.o
LOAD build/obj/nvic.o
LOAD build/obj/chsys.o
LOAD build/obj/chdebug.o
LOAD build/obj/chlists.o
LOAD build/obj/chvt.o
LOAD build/obj/chschd.o
LOAD build/obj/chthreads.o
LOAD build/obj/chdynamic.o
LOAD build/obj/chregistry.o
LOAD build/obj/chsem.o
LOAD build/obj/chmtx.o
LOAD build/obj/chcond.o
LOAD build/obj/chevents.o
LOAD build/obj/chmsg.o
LOAD build/obj/chmboxes.o
LOAD build/obj/chqueues.o
LOAD build/obj/chmemcore.o
LOAD build/obj/chheap.o
LOAD build/obj/chmempools.o
LOAD build/obj/hal.o
LOAD build/obj/adc.o
LOAD build/obj/can.o
LOAD build/obj/ext.o
LOAD build/obj/gpt.o
LOAD build/obj/i2c.o
LOAD build/obj/icu.o
LOAD build/obj/mac.o
LOAD build/obj/mmc_spi.o
LOAD build/obj/mmcsd.o
LOAD build/obj/pal.o
LOAD build/obj/pwm.o
LOAD build/obj/rtc.o
LOAD build/obj/sdc.o
LOAD build/obj/serial.o
LOAD build/obj/serial_usb.o
LOAD build/obj/spi.o
LOAD build/obj/tm.o
LOAD build/obj/uart.o
LOAD build/obj/usb.o
LOAD build/obj/stm32_dma.o
LOAD build/obj/hal_lld.o
LOAD build/obj/adc_lld.o
LOAD build/obj/ext_lld_isr.o
LOAD build/obj/can_lld.o
LOAD build/obj/ext_lld.o
LOAD build/obj/mac_lld.o
LOAD build/obj/sdc_lld.o
LOAD build/obj/pal_lld.o
LOAD build/obj/i2c_lld.o
LOAD build/obj/usb_lld.o
LOAD build/obj/rtc_lld.o
LOAD build/obj/spi_lld.o
LOAD build/obj/gpt_lld.o
LOAD build/obj/icu_lld.o
LOAD build/obj/pwm_lld.o
LOAD build/obj/serial_lld.o
LOAD build/obj/uart_lld.o
LOAD build/obj/board.o
LOAD build/obj/fatfs_diskio.o
LOAD build/obj/fatfs_syscall.o
LOAD build/obj/ff.o
LOAD build/obj/ccsbcs.o
LOAD build/obj/chprintf.o
LOAD build/obj/memstreams.o
LOAD build/obj/axoloti_control.o
LOAD build/obj/codec.o
LOAD build/obj/axoloti.o
LOAD build/obj/axoloti_filters.o
LOAD build/obj/axoloti_math.o
LOAD build/obj/axoloti_oscs.o
LOAD build/obj/axoloti_board.o
LOAD build/obj/midi.o
LOAD build/obj/ui.o
LOAD build/obj/glcdfont.o
LOAD build/obj/usbcfg.o
LOAD build/obj/sdcard.o
LOAD build/obj/pconnection.o
LOAD build/obj/parameters.o
LOAD build/obj/main.o
LOAD build/obj/patch.o
LOAD build/obj/flash.o
LOAD build/obj/virtual_control.o
LOAD build/obj/arm_bitreversal.o
LOAD build/obj/arm_cfft_f32.o
LOAD build/obj/arm_cfft_q15.o
LOAD build/obj/arm_cfft_q31.o
LOAD build/obj/arm_cfft_radix2_f32.o
LOAD build/obj/arm_cfft_radix2_init_f32.o
LOAD build/obj/arm_cfft_radix2_init_q15.o
LOAD build/obj/arm_cfft_radix2_init_q31.o
LOAD build/obj/arm_cfft_radix2_q15.o
LOAD build/obj/arm_cfft_radix2_q31.o
LOAD build/obj/arm_cfft_radix4_f32.o
LOAD build/obj/arm_cfft_radix4_init_f32.o
LOAD build/obj/arm_cfft_radix4_init_q15.o
LOAD build/obj/arm_cfft_radix4_init_q31.o
LOAD build/obj/arm_cfft_radix4_q15.o
LOAD build/obj/arm_cfft_radix4_q31.o
LOAD build/obj/arm_cfft_radix8_f32.o
LOAD build/obj/arm_rfft_f32.o
LOAD build/obj/arm_rfft_fast_f32.o
LOAD build/obj/arm_rfft_fast_init_f32.o
LOAD build/obj/arm_rfft_init_f32.o
LOAD build/obj/arm_rfft_init_q15.o
LOAD build/obj/arm_rfft_init_q31.o
LOAD build/obj/arm_rfft_q15.o
LOAD build/obj/arm_rfft_q31.o
LOAD build/obj/arm_mult_q31.o
LOAD build/obj/arm_mult_q15.o
LOAD build/obj/arm_mult_f32.o
LOAD build/obj/arm_shift_q31.o
LOAD build/obj/arm_shift_q15.o
LOAD build/obj/arm_scale_f32.o
LOAD build/obj/arm_cmplx_mult_cmplx_q31.o
LOAD build/obj/arm_cmplx_mult_cmplx_f32.o
LOAD build/obj/arm_cmplx_mag_q31.o
LOAD build/obj/arm_cmplx_mult_cmplx_q15.o
LOAD build/obj/arm_cmplx_mag_q15.o
LOAD build/obj/arm_cos_q31.o
LOAD build/obj/arm_sin_q31.o
LOAD build/obj/arm_sqrt_q31.o
LOAD build/obj/arm_sqrt_q15.o
LOAD build/obj/arm_fir_init_q31.o
LOAD build/obj/arm_fir_fast_q31.o
LOAD build/obj/arm_biquad_cascade_df1_32x64_init_q31.o
LOAD build/obj/arm_biquad_cascade_df1_32x64_q31.o
LOAD build/obj/arm_biquad_cascade_df1_fast_q31.o
LOAD build/obj/arm_biquad_cascade_df1_init_q31.o
LOAD build/obj/arm_biquad_cascade_df1_q31.o
LOAD build/obj/arm_fir_interpolate_init_q31.o
LOAD build/obj/arm_fir_interpolate_q31.o
LOAD build/obj/arm_fir_decimate_init_q31.o
LOAD build/obj/arm_fir_decimate_q31.o
LOAD build/obj/arm_fir_decimate_fast_q31.o
LOAD build/obj/arm_fir_lattice_init_q31.o
LOAD build/obj/arm_fir_lattice_q31.o
LOAD build/obj/arm_iir_lattice_init_q31.o
LOAD build/obj/arm_iir_lattice_q31.o
LOAD build/obj/arm_common_tables.o
LOAD build/obj/arm_const_structs.o
LOAD build/obj/usbh_core.o
LOAD build/obj/usbh_ctlreq.o
LOAD build/obj/usbh_ioreq.o
LOAD build/obj/usbh_pipes.o
LOAD build/obj/usbh_hid.o
LOAD build/obj/usbh_hid_keybd.o
LOAD build/obj/usbh_hid_mouse.o
LOAD build/obj/usbh_hid_parser.o
LOAD build/obj/stm32f4xx_ll_usb.o
LOAD build/obj/stm32f4xx_hal_gpio.o
LOAD build/obj/stm32f4xx_hal_cortex.o
LOAD build/obj/stm32f4xx_hal_hcd.o
LOAD build/obj/stm32f4xx_hal_i2c.o
LOAD build/obj/usbh_midi_core.o
LOAD build/obj/usbh_vendor.o
LOAD build/obj/usbh_conf.o
LOAD build/obj/serial_midi.o
LOAD build/obj/bulk_usb.o
LOAD build/obj/midi_usb.o
LOAD build/obj/spilink.o
LOAD build/obj/spidb.o
LOAD build/obj/crc32.o
LOAD build/obj/exceptions.o
LOAD build/obj/watchdog.o
LOAD build/obj/sysmon.o
LOAD build/obj/axoloti_memory.o
LOAD build/obj/units.o
LOAD build/obj/atan.o
LOAD build/obj/random.o
LOAD build/obj/mutable_resources.o
LOAD build/obj/braids_resources.o
LOAD build/obj/analog_oscillator.o
LOAD build/obj/digital_oscillator.o
LOAD build/obj/macro_oscillator.o
LOAD build/obj/warps_resources.o
LOAD build/obj/filter_bank.o
LOAD build/obj/modulator.o
LOAD build/obj/oscillator.o
LOAD build/obj/vocoder.o
LOAD build/obj/axoloti_mi.o
LOAD build/obj/multistage_envelope.o
LOAD build/obj/ominous_voice.o
LOAD build/obj/resonator.o
LOAD build/obj/string.o
LOAD build/obj/tube.o
LOAD build/obj/exciter.o
LOAD build/obj/elements_resources.o
LOAD build/obj/part.o
LOAD build/obj/voice.o
LOAD build/obj/clouds_resources.o
LOAD build/obj/correlator.o
LOAD build/obj/mu_law.o
LOAD build/obj/granular_processor.o
LOAD build/obj/frame_transformation.o
LOAD build/obj/phase_vocoder.o
LOAD build/obj/stft.o
LOAD build/obj/rings_resources.o
LOAD build/obj/streams_resources.o
LOAD build/obj/compressor.o
LOAD build/obj/envelope.o
LOAD build/obj/follower.o
LOAD build/obj/lorenz_generator.o
LOAD build/obj/processor.o
LOAD build/obj/svf.o
LOAD build/obj/vactrol.o
                0x00000400                __main_stack_size__ = 0x400
                0x00000400                __process_stack_size__ = 0x400
                0x20000200                __ram_start__ = ORIGIN (ram)
                0x0000ae00                __ram_size__ = 0xae00
                0x2000b000                __ram_end__ = (__ram_start__ + __ram_size__)
                0xc0000000                __sdram_start__ = ORIGIN (sdram)
                0x00400000                __sdram_size__ = 0x400000
                0xc0400000                __sdram_end__ = (__sdram_start__ + __sdram_size__)
                0x00000000                . = 0x0
                0x00000000                _text = .

startup         0x08000000      0x1ac
 *(vectors)
 vectors        0x08000000      0x1ac build/obj/vectors.o
                0x08000000                _vectors

constructors    0x080001ac        0x0
                0x080001ac                PROVIDE (__init_array_start, .)
 *(SORT(.init_array.*))
 *(.init_array)
                0x080001ac                PROVIDE (__init_array_end, .)

destructors     0x080001ac        0x0
                0x080001ac                PROVIDE (__fini_array_start, .)
 *(.fini_array)
 *(SORT(.fini_array.*))
                0x080001ac                PROVIDE (__fini_array_end, .)

.text           0x080001b0    0xcab54
 *(.text.startup.*)
 *(.text)
 .text          0x080001b0       0xc0 build/obj/arm_bitreversal2.o
                0x080001b0                arm_bitreversal_32
                0x0800021a                arm_bitreversal_16
 .text          0x08000270      0x150 build/obj/crt0.o
                0x08000290                _default_exit
                0x080002a0                ResetHandler
 .text          0x080003c0        0x4 build/obj/vectors.o
                0x080003c0                Vector58
                0x080003c0                VectorE8
                0x080003c0                Vector9C
                0x080003c0                Vector1A0
                0x080003c0                Vector5C
                0x080003c0                NMIVector
                0x080003c0                Vector11C
                0x080003c0                Vector19C
                0x080003c0                Vector8C
                0x080003c0                Vector110
                0x080003c0                VectorC8
                0x080003c0                Vector94
                0x080003c0                VectorA8
                0x080003c0                Vector160
                0x080003c0                VectorEC
                0x080003c0                DebugMonitorVector
                0x080003c0                Vector190
                0x080003c0                Vector148
                0x080003c0                Vector188
                0x080003c0                PendSVVector
                0x080003c0                Vector198
                0x080003c0                Vector118
                0x080003c0                Vector64
                0x080003c0                VectorCC
                0x080003c0                Vector54
                0x080003c0                Vector98
                0x080003c0                Vector138
                0x080003c0                Vector24
                0x080003c0                Vector178
                0x080003c0                Vector1A4
                0x080003c0                VectorD0
                0x080003c0                Vector140
                0x080003c0                VectorE4
                0x080003c0                Vector134
                0x080003c0                Vector13C
                0x080003c0                Vector100
                0x080003c0                VectorE0
                0x080003c0                VectorF4
                0x080003c0                VectorA0
                0x080003c0                VectorC4
                0x080003c0                Vector180
                0x080003c0                Vector90
                0x080003c0                Vector114
                0x080003c0                Vector164
                0x080003c0                Vector60
                0x080003c0                Vector1C
                0x080003c0                Vector17C
                0x080003c0                Vector48
                0x080003c0                Vector1A8
                0x080003c0                Vector4C
                0x080003c0                Vector144
                0x080003c0                Vector68
                0x080003c0                _unhandled_exception
                0x080003c0                Vector170
                0x080003c0                Vector184
                0x080003c0                Vector10C
                0x080003c0                Vector50
                0x080003c0                Vector194
                0x080003c0                Vector44
                0x080003c0                Vector28
                0x080003c0                Vector34
                0x080003c0                Vector20
                0x080003c0                Vector18C
 *fill*         0x080003c4        0xc 
 .text          0x080003d0        0x4 build/obj/chcore.o
                0x080003d0                port_halt
 *fill*         0x080003d4        0xc 
 .text          0x080003e0      0x140 build/obj/chcore_v7m.o
                0x080003e0                _port_switch_from_isr
                0x080003f0                SVCallVector
                0x08000410                _port_init
                0x08000440                _port_irq_epilogue
                0x080004d0                SysTickVector
                0x080004f0                _port_switch
                0x08000510                _port_thread_start
 .text          0x08000520       0xbc build/obj/nvic.o
                0x08000520                nvicEnableVector
                0x08000570                nvicDisableVector
                0x080005b0                nvicSetSystemHandlerPriority
 *fill*         0x080005dc        0x4 
 .text          0x080005e0       0xd0 build/obj/chsys.o
                0x080005e0                _idle_thread
                0x08000600                chSysInit
                0x08000660                chSysTimerHandlerI
 .text          0x080006b0        0x0 build/obj/chdebug.o
 .text          0x080006b0        0x0 build/obj/chlists.o
 .text          0x080006b0       0x84 build/obj/chvt.o
                0x080006b0                _vt_init
                0x080006d0                chVTSetI
                0x08000710                chVTResetI
 *fill*         0x08000734        0xc 
 .text          0x08000740      0x244 build/obj/chschd.o
                0x080007a0                _scheduler_init
                0x080007c0                chSchReadyI
                0x080007f0                chSchGoSleepS
                0x08000820                chSchGoSleepTimeoutS
                0x08000870                chSchWakeupS
                0x080008d0                chSchDoRescheduleBehind
                0x08000910                chSchDoRescheduleAhead
                0x08000950                chSchRescheduleS
                0x08000970                chSchDoReschedule
 *fill*         0x08000984        0xc 
 .text          0x08000990      0x2d0 build/obj/chthreads.o
                0x08000990                _thread_init
                0x080009d0                _thread_memfill
                0x080009e0                chThdCreateI
                0x08000a50                chThdCreateStatic
                0x08000af0                chThdSetPriority
                0x08000b20                chThdResume
                0x08000b40                chThdTerminate
                0x08000b60                chThdSleep
                0x08000b80                chThdSleepUntil
                0x08000bb0                chThdYield
                0x08000be0                chThdExitS
                0x08000c20                chThdExit
                0x08000c30                chThdWait
 .text          0x08000c60        0x0 build/obj/chdynamic.o
 .text          0x08000c60       0x3c build/obj/chregistry.o
                0x08000c60                chRegFirstThread
                0x08000c80                chRegNextThread
 *fill*         0x08000c9c        0x4 
 .text          0x08000ca0      0x24c build/obj/chsem.o
                0x08000ca0                chSemInit
                0x08000cb0                chSemResetI
                0x08000ce0                chSemReset
                0x08000d00                chSemWait
                0x08000d50                chSemWaitS
                0x08000d90                chSemWaitTimeoutS
                0x08000dd0                chSemWaitTimeout
                0x08000df0                chSemSignal
                0x08000e30                chSemSignalI
                0x08000e50                chSemAddCounterI
                0x08000e80                chSemSignalWait
 *fill*         0x08000eec        0x4 
 .text          0x08000ef0      0x234 build/obj/chmtx.o
                0x08000ef0                chMtxInit
                0x08000f00                chMtxLockS
                0x08000fa0                chMtxLock
                0x08000fc0                chMtxTryLock
                0x08000ff0                chMtxTryLockS
                0x08001010                chMtxUnlock
                0x08001080                chMtxUnlockS
                0x080010d0                chMtxUnlockAll
 *fill*         0x08001124        0xc 
 .text          0x08001130        0x0 build/obj/chcond.o
 .text          0x08001130      0x370 build/obj/chevents.o
                0x08001130                chEvtRegisterMask
                0x08001160                chEvtUnregister
                0x08001190                chEvtGetAndClearEvents
                0x080011b0                chEvtAddEvents
                0x080011d0                chEvtGetAndClearFlags
                0x080011f0                chEvtSignalI
                0x08001220                chEvtBroadcastFlagsI
                0x08001240                chEvtSignal
                0x08001260                chEvtBroadcastFlags
                0x08001280                chEvtGetAndClearFlagsI
                0x08001290                chEvtDispatch
                0x080012d0                chEvtWaitOne
                0x08001310                chEvtWaitAny
                0x08001350                chEvtWaitAll
                0x08001390                chEvtWaitOneTimeout
                0x080013f0                chEvtWaitAnyTimeout
                0x08001450                chEvtWaitAllTimeout
 .text          0x080014a0       0x94 build/obj/chmsg.o
                0x080014a0                chMsgSend
                0x080014e0                chMsgWait
                0x08001520                chMsgRelease
 *fill*         0x08001534        0xc 
 .text          0x08001540        0x0 build/obj/chmboxes.o
 .text          0x08001540      0x314 build/obj/chqueues.o
                0x08001570                chIQInit
                0x08001590                chIQResetI
                0x080015c0                chIQPutI
                0x08001610                chIQGetTimeout
                0x08001660                chIQReadTimeout
                0x080016d0                chOQInit
                0x080016f0                chOQResetI
                0x08001720                chOQPutTimeout
                0x08001780                chOQGetI
                0x080017d0                chOQWriteTimeout
 *fill*         0x08001854        0xc 
 .text          0x08001860       0xa0 build/obj/chmemcore.o
                0x08001860                _core_init
                0x08001880                chCoreAlloc
                0x080018c0                chCoreAllocI
                0x080018f0                chCoreStatus
 .text          0x08001900      0x190 build/obj/chheap.o
                0x08001900                _heap_init
                0x08001920                chHeapInit
                0x08001940                chHeapAlloc
                0x080019c0                chHeapFree
                0x08001a50                chHeapStatus
 .text          0x08001a90        0x0 build/obj/chmempools.o
 .text          0x08001a90       0x98 build/obj/hal.o
                0x08001a90                halInit
                0x08001ad0                halIsCounterWithin
                0x08001b00                halPolledDelay
 *fill*         0x08001b28        0x8 
 .text          0x08001b30      0x174 build/obj/adc.o
                0x08001b30                adcInit
                0x08001b40                adcObjectInit
                0x08001b60                adcStart
                0x08001b80                adcStop
                0x08001ba0                adcStartConversion
                0x08001bc0                adcStartConversionI
                0x08001be0                adcStopConversion
                0x08001c20                adcStopConversionI
                0x08001c50                adcConvert
                0x08001c90                adcAcquireBus
                0x08001ca0                adcReleaseBus
 *fill*         0x08001ca4        0xc 
 .text          0x08001cb0        0x0 build/obj/can.o
 .text          0x08001cb0        0x0 build/obj/ext.o
 .text          0x08001cb0        0x0 build/obj/gpt.o
 .text          0x08001cb0      0x114 build/obj/i2c.o
                0x08001cb0                i2cInit
                0x08001cc0                i2cObjectInit
                0x08001cd0                i2cStart
                0x08001cf0                i2cStop
                0x08001d10                i2cGetErrors
                0x08001d20                i2cMasterTransmitTimeout
                0x08001d70                i2cMasterReceiveTimeout
                0x08001db0                i2cAcquireBus
                0x08001dc0                i2cReleaseBus
 *fill*         0x08001dc4        0xc 
 .text          0x08001dd0        0x0 build/obj/icu.o
 .text          0x08001dd0        0x0 build/obj/mac.o
 .text          0x08001dd0        0x0 build/obj/mmc_spi.o
 .text          0x08001dd0       0x44 build/obj/mmcsd.o
                0x08001dd0                mmcsdGetCapacity
 *fill*         0x08001e14        0xc 
 .text          0x08001e20       0x3c build/obj/pal.o
                0x08001e20                palReadBus
                0x08001e30                palWriteBus
                0x08001e50                palSetBusMode
 *fill*         0x08001e5c        0x4 
 .text          0x08001e60       0xb4 build/obj/pwm.o
                0x08001e60                pwmInit
                0x08001e70                pwmObjectInit
                0x08001e80                pwmStart
                0x08001ea0                pwmStop
                0x08001ec0                pwmChangePeriod
                0x08001ee0                pwmEnableChannel
                0x08001f00                pwmDisableChannel
 *fill*         0x08001f14        0xc 
 .text          0x08001f20        0x0 build/obj/rtc.o
 .text          0x08001f20      0x3f8 build/obj/sdc.o
                0x08001f20                sdcGetInfo
                0x08001f40                sdcConnect
                0x08002100                sdcRead
                0x08002130                sdcWrite
                0x08002160                sdcSync
                0x08002180                _sdc_wait_for_transfer_state
                0x080021c0                sdcDisconnect
                0x08002200                sdcInit
                0x08002210                sdcObjectInit
                0x08002230                sdcStart
                0x08002250                sdcStop
                0x08002270                sdcGetAndClearErrors
                0x08002290                sdcErase
 *fill*         0x08002318        0x8 
 .text          0x08002320      0x180 build/obj/serial.o
                0x080023a0                sdInit
                0x080023b0                sdObjectInit
                0x080023f0                sdStart
                0x08002410                sdStop
                0x08002440                sdIncomingDataI
                0x08002480                sdRequestDataI
 .text          0x080024a0        0x0 build/obj/serial_usb.o
 .text          0x080024a0      0x1f4 build/obj/spi.o
                0x080024a0                spiInit
                0x080024b0                spiObjectInit
                0x080024c0                spiStart
                0x080024e0                spiStop
                0x08002500                spiSelect
                0x08002520                spiUnselect
                0x08002540                spiStartIgnore
                0x08002560                spiStartExchange
                0x08002580                spiStartSend
                0x080025a0                spiStartReceive
                0x080025c0                spiIgnore
                0x080025f0                spiExchange
                0x08002620                spiSend
                0x08002650                spiReceive
                0x08002680                spiAcquireBus
                0x08002690                spiReleaseBus
 *fill*         0x08002694        0xc 
 .text          0x080026a0       0xb0 build/obj/tm.o
                0x080026f0                tmInit
                0x08002730                tmObjectInit
 .text          0x08002750        0x0 build/obj/uart.o
 .text          0x08002750      0x6ec build/obj/usb.o
                0x08002750                usbInit
                0x08002760                usbObjectInit
                0x08002780                usbStart
                0x080027b0                usbStop
                0x080027d0                usbInitEndpointI
                0x08002810                usbDisableEndpointsI
                0x08002840                usbPrepareReceive
                0x08002860                usbPrepareTransmit
                0x08002880                usbPrepareQueuedReceive
                0x080028a0                usbPrepareQueuedTransmit
                0x080028c0                usbStartReceiveI
                0x080028f0                usbStartTransmitI
                0x08002920                usbStallReceiveI
                0x08002940                usbStallTransmitI
                0x08002960                _usb_reset
                0x08002990                _usb_ep0setup
                0x08002cf0                _usb_ep0in
                0x08002dc0                _usb_ep0out
 *fill*         0x08002e3c        0x4 
 .text          0x08002e40      0x428 build/obj/stm32_dma.o
                0x08002e40                Vector6C
                0x08002e70                Vector70
                0x08002ea0                Vector74
                0x08002ed0                Vector78
                0x08002f00                Vector7C
                0x08002f30                Vector80
                0x08002f60                Vector84
                0x08002f90                VectorFC
                0x08002fc0                Vector120
                0x08002ff0                Vector124
                0x08003020                Vector128
                0x08003050                Vector12C
                0x08003080                Vector130
                0x080030b0                Vector150
                0x080030e0                Vector154
                0x08003110                Vector158
                0x08003140                dmaInit
                0x08003190                dmaStreamAllocate
                0x08003220                dmaStreamRelease
 *fill*         0x08003268        0x8 
 .text          0x08003270      0x184 build/obj/hal_lld.o
                0x08003270                hal_lld_init
                0x08003310                stm32_clock_init
 *fill*         0x080033f4        0xc 
 .text          0x08003400      0x360 build/obj/adc_lld.o
                0x08003400                adc_lld_init
                0x08003440                adc_lld_start
                0x080034b0                adc_lld_stop
                0x080034f0                adc_lld_start_conversion
                0x08003590                adc_lld_stop_conversion
                0x080035c0                Vector88
                0x08003720                adcSTM32EnableTSVREFE
                0x08003730                adcSTM32DisableTSVREFE
                0x08003740                adcSTM32EnableVBATE
                0x08003750                adcSTM32DisableVBATE
 .text          0x08003760        0x0 build/obj/ext_lld_isr.o
 .text          0x08003760        0x0 build/obj/can_lld.o
 .text          0x08003760        0x0 build/obj/ext_lld.o
 .text          0x08003760        0x0 build/obj/mac_lld.o
 .text          0x08003760      0x534 build/obj/sdc_lld.o
                0x080037a0                Vector104
                0x080037d0                sdc_lld_init
                0x080037f0                sdc_lld_start
                0x08003850                sdc_lld_stop
                0x08003890                sdc_lld_start_clk
                0x080038b0                sdc_lld_set_data_clk
                0x080038c0                sdc_lld_stop_clk
                0x080038d0                sdc_lld_set_bus_mode
                0x08003900                sdc_lld_send_cmd_none
                0x08003920                sdc_lld_send_cmd_short
                0x08003960                sdc_lld_send_cmd_short_crc
                0x08003ab0                sdc_lld_send_cmd_long_crc
                0x08003b00                sdc_lld_read_aligned
                0x08003bb0                sdc_lld_write_aligned
                0x08003c70                sdc_lld_read
                0x08003c80                sdc_lld_write
                0x08003c90                sdc_lld_sync
 *fill*         0x08003c94        0xc 
 .text          0x08003ca0      0x27c build/obj/pal_lld.o
                0x08003ca0                _pal_lld_init
                0x08003e70                _pal_lld_setgroupmode
 *fill*         0x08003f1c        0x4 
 .text          0x08003f20      0x71c build/obj/i2c_lld.o
                0x08004050                VectorBC
                0x08004160                VectorC0
                0x08004250                i2c_lld_init
                0x08004280                i2c_lld_start
                0x08004410                i2c_lld_stop
                0x08004460                i2c_lld_master_receive_timeout
                0x08004540                i2c_lld_master_transmit_timeout
 *fill*         0x0800463c        0x4 
 .text          0x08004640      0xbf4 build/obj/usb_lld.o
                0x08004a10                usb_lld_init
                0x08004a60                usb_lld_start
                0x08004b40                usb_lld_stop
                0x08004b90                usb_lld_reset
                0x08004c60                usb_lld_set_address
                0x08004c80                usb_lld_init_endpoint
                0x08004de0                usb_lld_disable_endpoints
                0x08004df0                usb_lld_get_status_out
                0x08004e10                usb_lld_get_status_in
                0x08004e30                usb_lld_read_setup
                0x08004e50                usb_lld_prepare_receive
                0x08004f50                usb_lld_prepare_transmit
                0x08005070                Vector14C
                0x08005170                usb_lld_start_out
                0x08005190                usb_lld_start_in
                0x080051c0                usb_lld_stall_out
                0x080051e0                usb_lld_stall_in
                0x08005200                usb_lld_clear_out
                0x08005220                usb_lld_clear_in
 *fill*         0x08005234        0xc 
 .text          0x08005240        0x0 build/obj/rtc_lld.o
 .text          0x08005240      0x360 build/obj/spi_lld.o
                0x080052d0                spi_lld_init
                0x08005340                spi_lld_start
                0x08005410                spi_lld_stop
                0x08005470                spi_lld_select
                0x08005480                spi_lld_unselect
                0x08005490                spi_lld_ignore
                0x080054d0                spi_lld_exchange
                0x08005510                spi_lld_send
                0x08005550                spi_lld_receive
                0x08005590                spi_lld_polled_exchange
 .text          0x080055a0        0x0 build/obj/gpt_lld.o
 .text          0x080055a0        0x0 build/obj/icu_lld.o
 .text          0x080055a0      0x59c build/obj/pwm_lld.o
                0x08005600                VectorA4
                0x08005630                VectorAC
                0x08005690                VectorB0
                0x080056b0                VectorB4
                0x080056d0                VectorB8
                0x080056f0                Vector108
                0x08005710                VectorF0
                0x08005740                VectorF8
                0x080057a0                pwm_lld_init
                0x08005830                pwm_lld_start
                0x08005a10                pwm_lld_stop
                0x08005af0                pwm_lld_enable_channel
                0x08005b20                pwm_lld_disable_channel
 *fill*         0x08005b3c        0x4 
 .text          0x08005b40      0x420 build/obj/serial_lld.o
                0x08005ce0                VectorD4
                0x08005d00                VectorD8
                0x08005d20                VectorDC
                0x08005d40                Vector15C
                0x08005d60                sd_lld_init
                0x08005de0                sd_lld_start
                0x08005ee0                sd_lld_stop
 .text          0x08005f60        0x0 build/obj/uart_lld.o
 .text          0x08005f60       0x84 build/obj/board.o
                0x08005f60                __early_init
                0x08005f70                __late_init
                0x08005f80                sdc_lld_is_card_inserted
                0x08005f90                sdc_lld_is_write_protected
                0x08005fa0                boardInit
                0x08005fb0                _getpid
                0x08005fc0                _kill
                0x08005fd0                _write
                0x08005fe0                _exit
 *fill*         0x08005fe4        0xc 
 .text          0x08005ff0      0x108 build/obj/fatfs_diskio.o
                0x08005ff0                disk_initialize
                0x08006020                disk_status
                0x08006050                disk_read
                0x08006080                disk_write
                0x080060b0                disk_ioctl
                0x080060f0                get_fattime
 *fill*         0x080060f8        0x8 
 .text          0x08006100       0x54 build/obj/fatfs_syscall.o
                0x08006100                ff_cre_syncobj
                0x08006120                ff_del_syncobj
                0x08006130                ff_req_grant
                0x08006150                ff_rel_grant
 *fill*         0x08006154        0xc 
 .text          0x08006160     0x2d64 build/obj/ff.o
                0x080070e0                clust2sect
                0x08007100                get_fat
                0x08007120                put_fat
                0x08007140                gen_numname
                0x08007410                f_mount
                0x08007450                f_open
                0x080075d0                f_read
                0x08007830                f_write
                0x08007af0                f_sync
                0x08007b70                f_close
                0x08007b80                f_chdrive
                0x08007ba0                f_chdir
                0x08007c30                f_getcwd
                0x08007db0                f_lseek
                0x080080a0                f_opendir
                0x08008130                f_readdir
                0x080081b0                f_stat
                0x08008220                f_getfree
                0x08008350                f_truncate
                0x08008470                f_unlink
                0x08008570                f_mkdir
                0x08008760                f_chmod
                0x080087f0                f_utime
                0x08008870                f_rename
                0x08008a00                f_mkfs
 *fill*         0x08008ec4        0xc 
 .text          0x08008ed0       0x80 build/obj/ccsbcs.o
                0x08008ed0                ff_convert
                0x08008f20                ff_wtoupper
 .text          0x08008f50      0x408 build/obj/chprintf.o
                0x08008fa0                chvprintf
                0x08009320                chsnprintf
 *fill*         0x08009358        0x8 
 .text          0x08009360       0xbc build/obj/memstreams.o
                0x08009400                msObjectInit
 *fill*         0x0800941c        0x4 
 .text          0x08009420      0x6dc build/obj/axoloti_control.o
                0x08009420                LCD_updateBoundingBox
                0x08009430                LCD_drawPixel
                0x08009470                LCD_setPixel
                0x080094a0                LCD_clearPixel
                0x080094d0                LCD_getPixel
                0x08009500                LCD_clearDisplay
                0x08009520                LCD_drawChar
                0x08009560                LCD_drawString
                0x080095d0                LCD_drawNumber3D
                0x08009640                LCD_drawNumber5D
                0x080096f0                LCD_drawCharInv
                0x08009740                LCD_drawStringInv
                0x080097c0                LCD_drawNumber3DInv
                0x08009830                LCD_drawNumber5DInv
                0x080098e0                LCD_drawStringN
                0x08009980                LCD_drawStringInvN
                0x08009a30                LCD_drawIBAR
                0x08009ab0                LCD_drawIBARadd
 *fill*         0x08009afc        0x4 
 .text          0x08009b00      0xb5c build/obj/codec.o
                0x08009d00                codec_clearbuffer
                0x08009d20                blink_and_retry
                0x08009d40                wait_SPI_fsync
                0x08009dd0                detect_MCO
                0x08009e50                lock_SAI_to_SPI_FS
                0x08009e90                HAL_GetTick
                0x08009ea0                HAL_RCC_GetPCLK1Freq
                0x08009eb0                ADAU1961_WriteRegister
                0x08009ef0                ADAU1961_WriteRegister6
                0x08009f50                ADAU1961_ReadRegister6
                0x08009fb0                codec_ADAU1961_hw_init
                0x0800a3c0                codec_ADAU1961_SAI_init
                0x0800a650                codec_init
 *fill*         0x0800a65c        0x4 
 .text          0x0800a660        0x4 build/obj/axoloti.o
                0x0800a660                axoloti_init
 *fill*         0x0800a664        0xc 
 .text          0x0800a670       0xec build/obj/axoloti_filters.o
                0x0800a670                init_filter_biquad_A
                0x0800a680                f_filter_biquad_A
 *fill*         0x0800a75c        0x4 
 .text          0x0800a760      0x2e8 build/obj/axoloti_math.o
                0x0800a760                axoloti_math_init
                0x0800aa30                FastLog
 *fill*         0x0800aa48        0x8 
 .text          0x0800aa50        0x0 build/obj/axoloti_oscs.o
 .text          0x0800aa50      0x1fc build/obj/axoloti_board.o
                0x0800aa50                axoloti_board_init
                0x0800aa70                adc3_init
                0x0800aab0                adc_configpads
                0x0800ab80                adc_init
                0x0800abe0                adc3_convert
                0x0800ac20                adc_convert
 *fill*         0x0800ac4c        0x4 
 .text          0x0800ac50      0x15c build/obj/midi.o
                0x0800ac50                MidiSend1
                0x0800aca0                MidiSend2
                0x0800ad00                MidiSend3
                0x0800ad60                MidiSendSysEx
                0x0800ad70                midi_init
                0x0800ad80                MidiGetOutputBufferPending
                0x0800ada0                MidiGetOutputBufferAvailable
 *fill*         0x0800adac        0x4 
 .text          0x0800adb0      0x7f8 build/obj/ui.o
                0x0800adb0                AxolotiControlUpdate
                0x0800adc0                EnterMenuLoadFile
                0x0800ae00                EnterMenuLoad
                0x0800af30                EnterMenuFormat
                0x0800af90                SetKVP_APVP
                0x0800afb0                SetKVP_AVP
                0x0800afd0                SetKVP_IVP
                0x0800aff0                SetKVP_IPVP
                0x0800b010                SetKVP_FNCTN
                0x0800b030                KVP_Increment
                0x0800b0a0                KVP_Decrement
                0x0800b110                UIGoSafe
                0x0800b120                ui_init
                0x0800b2f0                KVP_ClearObjects
                0x0800b310                KVP_RegisterObject
                0x0800b330                KVP_DisplayInv
                0x0800b430                KVP_Display
 *fill*         0x0800b5a8        0x8 
 .text          0x0800b5b0        0x0 build/obj/glcdfont.o
 .text          0x0800b5b0      0x1b4 build/obj/usbcfg.o
                0x0800b740                inttohex
 *fill*         0x0800b764        0xc 
 .text          0x0800b770      0x1fc build/obj/sdcard.o
                0x0800b7c0                sdcard_init
                0x0800b8a0                sdcard_attemptMountIfUnmounted
                0x0800b8b0                sdcard_unmount
                0x0800b8d0                sdcard_loadPatch1
 *fill*         0x0800b96c        0x4 
 .text          0x0800b970     0x10ac build/obj/pconnection.o
                0x0800bb40                InitPConnection
                0x0800bbe0                GetFirmwareID
                0x0800bbf0                TransmitDisplayPckt
                0x0800bc20                LogTextMessage
                0x0800bc90                PExTransmit
                0x0800bdc0                ReadDirectoryListing
                0x0800be70                ManipulateFile
                0x0800bff0                CloseFile
                0x0800c050                CopyPatchToFlash
                0x0800c0c0                ReplyFWVersion
                0x0800c150                PExReceiveByte
                0x0800c9e0                PExReceive
 *fill*         0x0800ca1c        0x4 
 .text          0x0800ca20       0xac build/obj/parameters.o
                0x0800ca20                PExModulationSourceChange
                0x0800ca90                PExParameterChange
                0x0800cac0                ApplyPreset
 *fill*         0x0800cacc        0x4 
 .text          0x0800cad0      0xa64 build/obj/main.o
                0x0800cad0                memTest
                0x0800cbb0                SDRAM_InitSequence
                0x0800cc30                SDRAM_WriteBuffer
                0x0800cc70                SDRAM_ReadBuffer
                0x0800ccb0                FMC_NORSRAMDeInit
                0x0800cce0                FMC_NORSRAMInit
                0x0800cde0                FMC_NORSRAMStructInit
                0x0800ce40                FMC_NORSRAMCmd
                0x0800ce60                FMC_NANDDeInit
                0x0800ce90                FMC_NANDInit
                0x0800cf10                FMC_NANDStructInit
                0x0800cf40                FMC_NANDCmd
                0x0800cf80                FMC_NANDECCCmd
                0x0800cfc0                FMC_GetECC
                0x0800cfe0                FMC_PCCARDDeInit
                0x0800d000                FMC_PCCARDInit
                0x0800d070                FMC_PCCARDStructInit
                0x0800d0a0                FMC_PCCARDCmd
                0x0800d0c0                FMC_SDRAMDeInit
                0x0800d0f0                FMC_SDRAMInit
                0x0800d1c0                SDRAM_Init
                0x0800d240                configSDRAM
                0x0800d250                FMC_SDRAMStructInit
                0x0800d290                FMC_SDRAMCmdConfig
                0x0800d2b0                FMC_GetModeStatus
                0x0800d2d0                FMC_SetRefreshCount
                0x0800d2e0                FMC_SetAutoRefresh_Number
                0x0800d2f0                FMC_SDRAMWriteProtectionConfig
                0x0800d320                FMC_ITConfig
                0x0800d3b0                FMC_GetFlagStatus
                0x0800d400                FMC_ClearFlag
                0x0800d450                FMC_GetITStatus
                0x0800d4c0                FMC_ClearITPendingBit
                0x0800d510                HAL_Delay
                0x0800d530                _sbrk
 *fill*         0x0800d534        0xc 
 .text          0x0800d540      0x67c build/obj/patch.o
                0x0800d560                InitPatch0
                0x0800d590                CheckStackOverflow
                0x0800d9c0                StopPatch
                0x0800d9f0                StartPatch
                0x0800da50                start_dsp_thread
                0x0800da90                computebufI
                0x0800dad0                MidiInMsgHandler
                0x0800db00                LoadPatch
                0x0800db30                LoadPatchStartSD
                0x0800db70                LoadPatchStartFlash
                0x0800db90                LoadPatchIndexed
                0x0800dbb0                GetIndexOfCurrentPatch
 *fill*         0x0800dbbc        0x4 
 .text          0x0800dbc0       0xa8 build/obj/flash.o
                0x0800dbc0                flash_Erase_sector
                0x0800dbe0                flash_ProgramWord
                0x0800dc50                flash_unlock
 *fill*         0x0800dc68        0x8 
 .text          0x0800dc70        0x4 build/obj/virtual_control.o
                0x0800dc70                TransmitLCDoverUSB
 *fill*         0x0800dc74        0xc 
 .text          0x0800dc80      0x1f8 build/obj/arm_bitreversal.o
                0x0800dc80                arm_bitreversal_f32
                0x0800dd70                arm_bitreversal_q31
                0x0800de10                arm_bitreversal_q15
 *fill*         0x0800de78        0x8 
 .text          0x0800de80      0x714 build/obj/arm_cfft_f32.o
                0x0800de80                arm_cfft_radix8by2_f32
                0x0800e010                arm_cfft_radix8by4_f32
                0x0800e4a0                arm_cfft_f32
 *fill*         0x0800e594        0xc 
 .text          0x0800e5a0      0x25c build/obj/arm_cfft_q15.o
                0x0800e5a0                arm_cfft_radix4by2_q15
                0x0800e670                arm_cfft_radix4by2_inverse_q15
                0x0800e740                arm_cfft_q15
 *fill*         0x0800e7fc        0x4 
 .text          0x0800e800      0x2dc build/obj/arm_cfft_q31.o
                0x0800e800                arm_cfft_radix4by2_q31
                0x0800e910                arm_cfft_radix4by2_inverse_q31
                0x0800ea20                arm_cfft_q31
 *fill*         0x0800eadc        0x4 
 .text          0x0800eae0      0x350 build/obj/arm_cfft_radix2_f32.o
                0x0800eae0                arm_radix2_butterfly_f32
                0x0800ec60                arm_radix2_butterfly_inverse_f32
                0x0800edf0                arm_cfft_radix2_f32
 .text          0x0800ee30      0x160 build/obj/arm_cfft_radix2_init_f32.o
                0x0800ee30                arm_cfft_radix2_init_f32
 .text          0x0800ef90      0x128 build/obj/arm_cfft_radix2_init_q15.o
                0x0800ef90                arm_cfft_radix2_init_q15
 *fill*         0x0800f0b8        0x8 
 .text          0x0800f0c0      0x128 build/obj/arm_cfft_radix2_init_q31.o
                0x0800f0c0                arm_cfft_radix2_init_q31
 *fill*         0x0800f1e8        0x8 
 .text          0x0800f1f0      0x430 build/obj/arm_cfft_radix2_q15.o
                0x0800f1f0                arm_radix2_butterfly_q15
                0x0800f400                arm_radix2_butterfly_inverse_q15
                0x0800f5f0                arm_cfft_radix2_q15
 .text          0x0800f620      0x3d0 build/obj/arm_cfft_radix2_q31.o
                0x0800f620                arm_radix2_butterfly_q31
                0x0800f7e0                arm_radix2_butterfly_inverse_q31
                0x0800f9c0                arm_cfft_radix2_q31
 .text          0x0800f9f0      0x730 build/obj/arm_cfft_radix4_f32.o
                0x0800f9f0                arm_radix4_butterfly_f32
                0x0800fd60                arm_radix4_butterfly_inverse_f32
                0x080100e0                arm_cfft_radix4_f32
 .text          0x08010120       0xcc build/obj/arm_cfft_radix4_init_f32.o
                0x08010120                arm_cfft_radix4_init_f32
 *fill*         0x080101ec        0x4 
 .text          0x080101f0       0xb0 build/obj/arm_cfft_radix4_init_q15.o
                0x080101f0                arm_cfft_radix4_init_q15
 .text          0x080102a0       0xb0 build/obj/arm_cfft_radix4_init_q31.o
                0x080102a0                arm_cfft_radix4_init_q31
 .text          0x08010350      0x4fc build/obj/arm_cfft_radix4_q15.o
                0x08010350                arm_radix4_butterfly_q15
                0x080105b0                arm_radix4_butterfly_inverse_q15
                0x08010810                arm_cfft_radix4_q15
 *fill*         0x0801084c        0x4 
 .text          0x08010850      0x87c build/obj/arm_cfft_radix4_q31.o
                0x08010850                arm_radix4_butterfly_q31
                0x08010c70                arm_radix4_butterfly_inverse_q31
                0x08011090                arm_cfft_radix4_q31
 *fill*         0x080110cc        0x4 
 .text          0x080110d0      0x590 build/obj/arm_cfft_radix8_f32.o
                0x080110d0                arm_radix8_butterfly_f32
 .text          0x08011660      0x1c0 build/obj/arm_rfft_f32.o
                0x08011660                arm_split_rfft_f32
                0x08011730                arm_split_rifft_f32
                0x080117a0                arm_rfft_f32
 .text          0x08011820      0x190 build/obj/arm_rfft_fast_f32.o
                0x08011820                stage_rfft_f32
                0x080118d0                merge_rfft_f32
                0x08011970                arm_rfft_fast_f32
 .text          0x080119b0      0x108 build/obj/arm_rfft_fast_init_f32.o
                0x080119b0                arm_rfft_fast_init_f32
 *fill*         0x08011ab8        0x8 
 .text          0x08011ac0       0x84 build/obj/arm_rfft_init_f32.o
                0x08011ac0                arm_rfft_init_f32
 *fill*         0x08011b44        0xc 
 .text          0x08011b50      0x110 build/obj/arm_rfft_init_q15.o
                0x08011b50                arm_rfft_init_q15
 .text          0x08011c60      0x110 build/obj/arm_rfft_init_q31.o
                0x08011c60                arm_rfft_init_q31
 .text          0x08011d70      0x188 build/obj/arm_rfft_q15.o
                0x08011d70                arm_split_rfft_q15
                0x08011e30                arm_split_rifft_q15
                0x08011e80                arm_rfft_q15
 *fill*         0x08011ef8        0x8 
 .text          0x08011f00      0x1c8 build/obj/arm_rfft_q31.o
                0x08011f00                arm_split_rfft_q31
                0x08011fe0                arm_split_rifft_q31
                0x08012050                arm_rfft_q31
 *fill*         0x080120c8        0x8 
 .text          0x080120d0       0xc4 build/obj/arm_mult_q31.o
                0x080120d0                arm_mult_q31
 *fill*         0x08012194        0xc 
 .text          0x080121a0       0xac build/obj/arm_mult_q15.o
                0x080121a0                arm_mult_q15
 *fill*         0x0801224c        0x4 
 .text          0x08012250       0x8c build/obj/arm_mult_f32.o
                0x08012250                arm_mult_f32
 *fill*         0x080122dc        0x4 
 .text          0x080122e0      0x184 build/obj/arm_shift_q31.o
                0x080122e0                arm_shift_q31
 *fill*         0x08012464        0xc 
 .text          0x08012470      0x10c build/obj/arm_shift_q15.o
                0x08012470                arm_shift_q15
 *fill*         0x0801257c        0x4 
 .text          0x08012580       0x6c build/obj/arm_scale_f32.o
                0x08012580                arm_scale_f32
 *fill*         0x080125ec        0x4 
 .text          0x080125f0      0x184 build/obj/arm_cmplx_mult_cmplx_q31.o
                0x080125f0                arm_cmplx_mult_cmplx_q31
 *fill*         0x08012774        0xc 
 .text          0x08012780      0x118 build/obj/arm_cmplx_mult_cmplx_f32.o
                0x08012780                arm_cmplx_mult_cmplx_f32
 *fill*         0x08012898        0x8 
 .text          0x080128a0       0xe8 build/obj/arm_cmplx_mag_q31.o
                0x080128a0                arm_cmplx_mag_q31
 *fill*         0x08012988        0x8 
 .text          0x08012990      0x164 build/obj/arm_cmplx_mult_cmplx_q15.o
                0x08012990                arm_cmplx_mult_cmplx_q15
 *fill*         0x08012af4        0xc 
 .text          0x08012b00       0xa4 build/obj/arm_cmplx_mag_q15.o
                0x08012b00                arm_cmplx_mag_q15
 *fill*         0x08012ba4        0xc 
 .text          0x08012bb0       0x44 build/obj/arm_cos_q31.o
                0x08012bb0                arm_cos_q31
 *fill*         0x08012bf4        0xc 
 .text          0x08012c00       0x38 build/obj/arm_sin_q31.o
                0x08012c00                arm_sin_q31
 *fill*         0x08012c38        0x8 
 .text          0x08012c40       0xf0 build/obj/arm_sqrt_q31.o
                0x08012c40                arm_sqrt_q31
 .text          0x08012d30       0xf4 build/obj/arm_sqrt_q15.o
                0x08012d30                arm_sqrt_q15
 *fill*         0x08012e24        0xc 
 .text          0x08012e30       0x24 build/obj/arm_fir_init_q31.o
                0x08012e30                arm_fir_init_q31
 *fill*         0x08012e54        0xc 
 .text          0x08012e60      0x248 build/obj/arm_fir_fast_q31.o
                0x08012e60                arm_fir_fast_q31
 *fill*         0x080130a8        0x8 
 .text          0x080130b0       0x20 build/obj/arm_biquad_cascade_df1_32x64_init_q31.o
                0x080130b0                arm_biquad_cas_df1_32x64_init_q31
 .text          0x080130d0      0x6ec build/obj/arm_biquad_cascade_df1_32x64_q31.o
                0x080130d0                arm_biquad_cas_df1_32x64_q31
 *fill*         0x080137bc        0x4 
 .text          0x080137c0      0x188 build/obj/arm_biquad_cascade_df1_fast_q31.o
                0x080137c0                arm_biquad_cascade_df1_fast_q31
 *fill*         0x08013948        0x8 
 .text          0x08013950       0x20 build/obj/arm_biquad_cascade_df1_init_q31.o
                0x08013950                arm_biquad_cascade_df1_init_q31
 .text          0x08013970      0x21c build/obj/arm_biquad_cascade_df1_q31.o
                0x08013970                arm_biquad_cascade_df1_q31
 *fill*         0x08013b8c        0x4 
 .text          0x08013b90       0x38 build/obj/arm_fir_interpolate_init_q31.o
                0x08013b90                arm_fir_interpolate_init_q31
 *fill*         0x08013bc8        0x8 
 .text          0x08013bd0      0x40c build/obj/arm_fir_interpolate_q31.o
                0x08013bd0                arm_fir_interpolate_q31
 *fill*         0x08013fdc        0x4 
 .text          0x08013fe0       0x38 build/obj/arm_fir_decimate_init_q31.o
                0x08013fe0                arm_fir_decimate_init_q31
 *fill*         0x08014018        0x8 
 .text          0x08014020      0x18c build/obj/arm_fir_decimate_q31.o
                0x08014020                arm_fir_decimate_q31
 *fill*         0x080141ac        0x4 
 .text          0x080141b0      0x3c8 build/obj/arm_fir_decimate_fast_q31.o
                0x080141b0                arm_fir_decimate_fast_q31
 *fill*         0x08014578        0x8 
 .text          0x08014580       0x18 build/obj/arm_fir_lattice_init_q31.o
                0x08014580                arm_fir_lattice_init_q31
 *fill*         0x08014598        0x8 
 .text          0x080145a0      0x138 build/obj/arm_fir_lattice_q31.o
                0x080145a0                arm_fir_lattice_q31
 *fill*         0x080146d8        0x8 
 .text          0x080146e0       0x20 build/obj/arm_iir_lattice_init_q31.o
                0x080146e0                arm_iir_lattice_init_q31
 .text          0x08014700      0x2a0 build/obj/arm_iir_lattice_q31.o
                0x08014700                arm_iir_lattice_q31
 .text          0x080149a0        0x0 build/obj/arm_common_tables.o
 .text          0x080149a0        0x0 build/obj/arm_const_structs.o
 .text          0x080149a0      0x900 build/obj/usbh_core.o
                0x080149a0                USBH_Init
                0x08014a70                USBH_DeInit
                0x08014ad0                USBH_RegisterClass
                0x08014b10                USBH_SelectInterface
                0x08014b70                USBH_GetActiveClass
                0x08014b80                USBH_FindInterface
                0x08014bd0                USBH_FindInterfaceIndex
                0x08014c00                USBH_Start
                0x08014c20                USBH_Stop
                0x08014c50                USBH_ReEnumerate
                0x08014cc0                USBH_Process
                0x080151d0                USBH_LL_SetTimer
                0x080151e0                USBH_LL_IncTimer
                0x08015200                USBH_LL_Connect
                0x08015240                USBH_LL_Disconnect
                0x08015290                USBH_LL_NotifyURBChange
 .text          0x080152a0      0x5ec build/obj/usbh_ctlreq.o
                0x080152a0                USBH_GetNextDesc
                0x080152b0                USBH_CtlReq
                0x080154c0                USBH_GetDescriptor
                0x08015500                USBH_Get_DevDesc
                0x080155c0                USBH_Get_CfgDesc
                0x08015790                USBH_Get_StringDesc
                0x080157f0                USBH_SetAddress
                0x08015810                USBH_SetCfg
                0x08015830                USBH_SetInterface
                0x08015860                USBH_ClrFeature
 *fill*         0x0801588c        0x4 
 .text          0x08015890      0x1a8 build/obj/usbh_ioreq.o
                0x08015890                USBH_CtlSendSetup
                0x080158c0                USBH_CtlSendData
                0x080158f0                USBH_CtlReceiveData
                0x08015920                USBH_BulkSendData
                0x08015950                USBH_BulkReceiveData
                0x08015980                USBH_InterruptReceiveData
                0x080159b0                USBH_InterruptSendData
                0x080159e0                USBH_IsocReceiveData
                0x08015a10                USBH_IsocSendData
 *fill*         0x08015a38        0x8 
 .text          0x08015a40       0x78 build/obj/usbh_pipes.o
                0x08015a40                USBH_OpenPipe
                0x08015a60                USBH_ClosePipe
                0x08015a70                USBH_AllocPipe
                0x08015aa0                USBH_FreePipe
 *fill*         0x08015ab8        0x8 
 .text          0x08015ac0      0x638 build/obj/usbh_hid.o
                0x08015dc0                USBH_HID_GetHIDReportDescriptor
                0x08015de0                USBH_HID_GetHIDDescriptor
                0x08015e00                USBH_HID_SetIdle
                0x08015e20                USBH_HID_SetReport
                0x08015e50                USBH_HID_GetReport
                0x08015e80                USBH_HID_SetProtocol
                0x08015ea0                USBH_HID_GetDeviceType
                0x08015ed0                USBH_HID_GetPollInterval
                0x08015f00                fifo_init
                0x08015f10                fifo_read
                0x08015f70                fifo_write
 *fill*         0x080160f8        0x8 
 .text          0x08016100      0x144 build/obj/usbh_hid_keybd.o
                0x08016100                USBH_HID_KeybdInit
                0x08016150                USBH_HID_GetKeybdInfo
                0x08016210                USBH_HID_GetASCIICode
 *fill*         0x08016244        0xc 
 .text          0x08016250       0xb8 build/obj/usbh_hid_mouse.o
                0x08016250                USBH_HID_MouseInit
                0x08016290                USBH_HID_GetMouseInfo
 *fill*         0x08016308        0x8 
 .text          0x08016310      0x110 build/obj/usbh_hid_parser.o
                0x08016310                HID_ReadItem
                0x080163a0                HID_WriteItem
 .text          0x08016420     0x12a0 build/obj/stm32f4xx_ll_usb.o
                0x08016490                USB_CoreInit
                0x08016510                USB_EnableGlobalInt
                0x08016520                USB_DisableGlobalInt
                0x08016530                USB_SetCurrentMode
                0x08016570                USB_DevInit
                0x080166f0                USB_FlushTxFifo
                0x08016720                USB_FlushRxFifo
                0x08016740                USB_SetDevSpeed
                0x08016750                USB_GetDevSpeed
                0x08016790                USB_ActivateEndpoint
                0x08016820                USB_ActivateDedicatedEndpoint
                0x08016910                USB_DeactivateEndpoint
                0x080169a0                USB_DeactivateDedicatedEndpoint
                0x08016a00                USB_EPStartXfer
                0x08016c60                USB_EP0StartXfer
                0x08016de0                USB_WritePacket
                0x08016df0                USB_ReadPacket
                0x08016e20                USB_EPSetStall
                0x08016e60                USB_EPClearStall
                0x08016ea0                USB_StopDevice
                0x08016f10                USB_SetDevAddress
                0x08016f30                USB_DevConnect
                0x08016f50                USB_DevDisconnect
                0x08016f70                USB_ReadInterrupts
                0x08016f80                USB_ReadDevAllOutEpInterrupt
                0x08016f90                USB_ReadDevAllInEpInterrupt
                0x08016fa0                USB_ReadDevOutEPInterrupt
                0x08016fc0                USB_ReadDevInEPInterrupt
                0x08016ff0                USB_ClearInterrupts
                0x08017000                USB_GetMode
                0x08017010                USB_ActivateSetup
                0x08017050                USB_EP0_OutStart
                0x080170a0                USB_InitFSLSPClkSel
                0x080170e0                USB_ResetPort
                0x08017120                USB_DriveVbus
                0x08017170                USB_HostInit
                0x08017280                USB_GetHostSpeed
                0x080172a0                USB_GetCurrentFrame
                0x080172b0                USB_HC_Init
                0x080173d0                USB_HC_StartXfer
                0x08017560                USB_HC_ReadInterrupt
                0x08017570                USB_HC_Halt
                0x08017600                USB_DoPing
                0x08017630                USB_StopHost
 .text          0x080176c0      0x468 build/obj/stm32f4xx_hal_gpio.o
                0x080176c0                HAL_GPIO_Init
                0x08017930                HAL_GPIO_DeInit
                0x08017aa0                HAL_GPIO_ReadPin
                0x08017ab0                HAL_GPIO_WritePin
                0x08017ac0                HAL_GPIO_TogglePin
                0x08017ad0                HAL_GPIO_LockPin
                0x08017b00                HAL_GPIO_EXTI_Callback
                0x08017b10                HAL_GPIO_EXTI_IRQHandler
 *fill*         0x08017b28        0x8 
 .text          0x08017b30      0x2a8 build/obj/stm32f4xx_hal_cortex.o
                0x08017b30                HAL_NVIC_SetPriorityGrouping
                0x08017b60                HAL_NVIC_SetPriority
                0x08017bd0                HAL_NVIC_EnableIRQ
                0x08017bf0                HAL_NVIC_DisableIRQ
                0x08017c20                HAL_NVIC_SystemReset
                0x08017c50                HAL_SYSTICK_Config
                0x08017c90                HAL_NVIC_GetPriorityGrouping
                0x08017ca0                HAL_NVIC_GetPriority
                0x08017d00                HAL_NVIC_SetPendingIRQ
                0x08017d20                HAL_NVIC_GetPendingIRQ
                0x08017d50                HAL_NVIC_ClearPendingIRQ
                0x08017d70                HAL_NVIC_GetActive
                0x08017da0                HAL_SYSTICK_CLKSourceConfig
                0x08017dc0                HAL_SYSTICK_Callback
                0x08017dd0                HAL_SYSTICK_IRQHandler
 *fill*         0x08017dd8        0x8 
 .text          0x08017de0      0xb38 build/obj/stm32f4xx_hal_hcd.o
                0x08017de0                HAL_HCD_HC_Init
                0x08017e50                HAL_HCD_HC_Halt
                0x08017e90                HAL_HCD_Init
                0x08017f20                HAL_HCD_DeInit
                0x08017f50                HAL_HCD_HC_SubmitRequest
                0x08018090                HAL_HCD_IRQHandler
                0x08018850                HAL_HCD_Start
                0x08018880                HAL_HCD_Stop
                0x080188b0                HAL_HCD_ResetPort
                0x080188c0                HAL_HCD_GetState
                0x080188d0                HAL_HCD_HC_GetURBState
                0x080188e0                HAL_HCD_HC_GetXferCount
                0x080188f0                HAL_HCD_HC_GetState
                0x08018900                HAL_HCD_GetCurrentFrame
                0x08018910                HAL_HCD_GetCurrentSpeed
 *fill*         0x08018918        0x8 
 .text          0x08018920     0x2194 build/obj/stm32f4xx_hal_i2c.o
                0x08018b30                HAL_I2C_MspInit
                0x08018b40                HAL_I2C_Init
                0x08018c30                HAL_I2C_MspDeInit
                0x08018c40                HAL_I2C_DeInit
                0x08018c80                HAL_I2C_Master_Transmit
                0x08018e30                HAL_I2C_Master_Receive
                0x080190e0                HAL_I2C_Slave_Transmit
                0x08019240                HAL_I2C_Slave_Receive
                0x080193d0                HAL_I2C_Master_Transmit_IT
                0x08019460                HAL_I2C_Master_Receive_IT
                0x08019500                HAL_I2C_Master_Sequential_Transmit_IT
                0x080195c0                HAL_I2C_Master_Sequential_Receive_IT
                0x08019690                HAL_I2C_Slave_Transmit_IT
                0x08019730                HAL_I2C_Slave_Receive_IT
                0x080197d0                HAL_I2C_Slave_Sequential_Transmit_IT
                0x08019840                HAL_I2C_Slave_Sequential_Receive_IT
                0x080198b0                HAL_I2C_EnableListen_IT
                0x080198e0                HAL_I2C_DisableListen_IT
                0x08019930                HAL_I2C_Mem_Write
                0x08019ac0                HAL_I2C_Mem_Read
                0x08019d80                HAL_I2C_Mem_Write_IT
                0x08019e30                HAL_I2C_Mem_Read_IT
                0x08019ee0                HAL_I2C_IsDeviceReady
                0x0801a060                HAL_I2C_MasterTxCpltCallback
                0x0801a070                HAL_I2C_MasterRxCpltCallback
                0x0801a080                HAL_I2C_SlaveTxCpltCallback
                0x0801a090                HAL_I2C_SlaveRxCpltCallback
                0x0801a0a0                HAL_I2C_AddrCallback
                0x0801a0b0                HAL_I2C_ListenCpltCallback
                0x0801a0c0                HAL_I2C_MemTxCpltCallback
                0x0801a0d0                HAL_I2C_MemRxCpltCallback
                0x0801a0e0                HAL_I2C_EV_IRQHandler
                0x0801a810                HAL_I2C_ErrorCallback
                0x0801a820                HAL_I2C_AbortCpltCallback
                0x0801a830                HAL_I2C_Master_Abort_IT
                0x0801a890                HAL_I2C_ER_IRQHandler
                0x0801aa90                HAL_I2C_GetState
                0x0801aaa0                HAL_I2C_GetMode
                0x0801aab0                HAL_I2C_GetError
 *fill*         0x0801aab4        0xc 
 .text          0x0801aac0      0xa38 build/obj/usbh_midi_core.o
                0x0801aac0                USBH_MIDI_ClassRequest
                0x0801aad0                USBH_MIDI_InterfaceInit
                0x0801acf0                USBH_MIDI_InterfaceDeInit
                0x0801ad70                USBH_MIDI_SOFProcess
                0x0801add0                usbh_midi_init_buffer
                0x0801adf0                usbh_midi_deinit_buffer
                0x0801ae10                usbh_midi_init
                0x0801ae30                usbh_midi_reset_buffer
                0x0801ae50                calcCIN
                0x0801ae60                calcPH
                0x0801ae70                usbh_MidiSend1
                0x0801aee0                usbh_MidiSend2
                0x0801af50                usbh_MidiSend3
                0x0801afb0                usbh_MidiSendSysEx
                0x0801b0d0                usbh_MidiGetOutputBufferPending
                0x0801b100                usbh_MidiGetOutputBufferAvailable
                0x0801b110                isValidInput
                0x0801b120                isValidOutput
                0x0801b130                USBH_MIDI_ProcessInput
                0x0801b2c0                USBH_MIDI_ProcessOutput
                0x0801b4e0                USBH_MIDI_Process
 *fill*         0x0801b4f8        0x8 
 .text          0x0801b500      0x210 build/obj/usbh_vendor.o
 .text          0x0801b710      0x514 build/obj/usbh_conf.o
                0x0801b720                MIDI_CB
                0x0801b740                HAL_HCD_MspInit
                0x0801b8b0                HAL_HCD_MspDeInit
                0x0801b8f0                HAL_HCD_SOF_Callback
                0x0801b900                HAL_HCD_Connect_Callback
                0x0801b910                HAL_HCD_Disconnect_Callback
                0x0801b920                HAL_HCD_HC_NotifyURBChange_Callback
                0x0801b930                USBH_LL_Init
                0x0801b9a0                USBH_LL_DeInit
                0x0801b9b0                USBH_LL_Start
                0x0801b9c0                USBH_LL_Stop
                0x0801b9d0                USBH_LL_GetSpeed
                0x0801b9f0                USBH_LL_ResetPort
                0x0801ba00                USBH_LL_GetLastXferSize
                0x0801ba10                USBH_LL_OpenPipe
                0x0801ba40                USBH_LL_ClosePipe
                0x0801ba50                USBH_LL_DriverVBUS
                0x0801ba80                USBH_LL_SetToggle
                0x0801bab0                USBH_LL_GetToggle
                0x0801bad0                USBH_Delay
                0x0801bae0                MY_USBH_Init
                0x0801bb30                USBH_HID_EventCallback
                0x0801bba0                fakemalloc
                0x0801bbe0                fakefree
                0x0801bbf0                Vector174
                0x0801bc10                Vector168
                0x0801bc20                Vector16C
 *fill*         0x0801bc24        0xc 
 .text          0x0801bc30      0x1c4 build/obj/serial_midi.o
                0x0801bc30                serial_MidiInByteHandler
                0x0801bd10                serial_MidiSend1
                0x0801bd20                serial_MidiSend2
                0x0801bd50                serial_MidiSend3
                0x0801bd80                serial_MidiGetOutputBufferPending
                0x0801bda0                serial_midi_init
 *fill*         0x0801bdf4        0xc 
 .text          0x0801be00      0x374 build/obj/bulk_usb.o
                0x0801bf50                bduInit
                0x0801bf60                bduObjectInit
                0x0801bfb0                bduStart
                0x0801bfe0                bduStop
                0x0801c030                bduConfigureHookI
                0x0801c080                bduRequestsHook
                0x0801c090                bduDataTransmitted
                0x0801c110                bduDataReceived
 *fill*         0x0801c174        0xc 
 .text          0x0801c180      0x464 build/obj/midi_usb.o
                0x0801c2e0                mduInit
                0x0801c2f0                mduObjectInit
                0x0801c340                mduStart
                0x0801c370                mduStop
                0x0801c3c0                mduConfigureHookI
                0x0801c410                mduRequestsHook
                0x0801c420                mduDataTransmitted
                0x0801c4a0                mduDataReceived
                0x0801c510                calcDS1
                0x0801c520                calcCIN1
                0x0801c530                midi_usb_MidiSend1
                0x0801c570                midi_usb_MidiSend2
                0x0801c5b0                midi_usb_MidiSend3
 *fill*         0x0801c5e4        0xc 
 .text          0x0801c5f0      0x248 build/obj/spilink.o
                0x0801c6b0                spilink_clear_audio_tx
                0x0801c6f0                spilink_init
 *fill*         0x0801c838        0x8 
 .text          0x0801c840      0x334 build/obj/spidb.o
                0x0801c8f0                dmastream_slave_start
                0x0801c970                spidbSlaveResync
                0x0801c9e0                spidbSlaveStart
                0x0801ca90                spidbMasterStart
 *fill*         0x0801cb74        0xc 
 .text          0x0801cb80       0x98 build/obj/crc32.o
                0x0801cb80                revbit
                0x0801cb90                CalcCRC32
 *fill*         0x0801cc18        0x8 
 .text          0x0801cc20      0x688 build/obj/exceptions.o
                0x0801cc50                UsageFaultVector
                0x0801cc50                BusFaultVector
                0x0801cc50                HardFaultVector
                0x0801cc50                MemManageVector
                0x0801cc50                report_exception
                0x0801cc70                BootLoaderInit
                0x0801ccc0                exception_check_DFU
                0x0801cd10                exception_init
                0x0801cd80                exception_check
                0x0801cda0                exception_clear
                0x0801cdb0                exception_initiate_dfu
                0x0801ce50                exception_checkandreport
                0x0801cf80                report_fatfs_error
                0x0801d010                report_patchLoadFail
                0x0801d0a0                report_patchLoadSDRamOverflow
                0x0801d130                report_usbh_midi_ringbuffer_overflow
                0x0801d150                dbg_set_i
                0x0801d160                terminator
                0x0801d1e0                prvGetRegistersFromStack
                0x0801d280                Vector40
 *fill*         0x0801d2a8        0x8 
 .text          0x0801d2b0       0x14 build/obj/watchdog.o
                0x0801d2b0                watchdog_init
                0x0801d2c0                watchdog_feed
 *fill*         0x0801d2c4        0xc 
 .text          0x0801d2d0      0x29c build/obj/sysmon.o
                0x0801d430                sysmon_init
                0x0801d4b0                sysmon_disable_blinker
                0x0801d4c0                sysmon_enable_blinker
                0x0801d4d0                sysmon_blink_pattern
                0x0801d4f0                setErrorFlag
                0x0801d520                getErrorFlag
                0x0801d540                errorFlagClearAll
                0x0801d550                sysmon_getVoltage50
                0x0801d560                sysmon_getVoltage10
 *fill*         0x0801d56c        0x4 
 .text          0x0801d570       0x9c build/obj/axoloti_memory.o
                0x0801d570                sdram_init
                0x0801d590                sdram_malloc
                0x0801d5e0                sdram_free
                0x0801d600                sdram_get_free
 *fill*         0x0801d60c        0x4 
 .text          0x0801d610        0x0 build/obj/units.o
 .text          0x0801d610        0x0 build/obj/atan.o
 .text          0x0801d610        0x0 build/obj/random.o
 .text          0x0801d610        0x0 build/obj/mutable_resources.o
 .text          0x0801d610        0x0 build/obj/braids_resources.o
 .text          0x0801d610        0x0 build/obj/analog_oscillator.o
 .text          0x0801d610        0x0 build/obj/digital_oscillator.o
 .text          0x0801d610        0x0 build/obj/macro_oscillator.o
 .text          0x0801d610        0x0 build/obj/warps_resources.o
 .text          0x0801d610      0xb58 build/obj/filter_bank.o
                0x0801d610                warps::FilterBank::Init(float)
                0x0801d890                warps::FilterBank::Synthesize(float*, unsigned int)
                0x0801de80                warps::FilterBank::Analyze(float const*, unsigned int)
 *fill*         0x0801e168        0x8 
 .text          0x0801e170     0x200c build/obj/modulator.o
                0x0801e170                warps::Modulator::Init(float)
                0x0801e260                warps::Modulator::ProcessEasterEgg(warps::ShortFrame*, warps::ShortFrame*, unsigned int)
                0x0801e990                warps::Modulator::Process(warps::ShortFrame*, warps::ShortFrame*, unsigned int)
 *fill*         0x0802017c        0x4 
 .text          0x08020180      0x3a8 build/obj/oscillator.o
                0x08020180                warps::Oscillator::RenderSine(float, float*, float*, unsigned int)
                0x08020270                warps::Oscillator::Init(float)
                0x080202c0                warps::Oscillator::Render(warps::OscillatorShape, float, float*, float*, unsigned int)
                0x08020310                warps::Oscillator::Duck(float const*, float const*, float*, unsigned int)
                0x080203a0                warps::Oscillator::RenderNoise(float, float*, float*, unsigned int)
 *fill*         0x08020528        0x8 
 .text          0x08020530      0x4a8 build/obj/vocoder.o
                0x08020530                warps::Vocoder::Init(float)
                0x080205c0                warps::Vocoder::Process(float const*, float const*, float*, unsigned int)
 *fill*         0x080209d8        0x8 
 .text          0x080209e0       0xc8 build/obj/axoloti_mi.o
                0x080209e0                loadElementsData
 *fill*         0x08020aa8        0x8 
 .text          0x08020ab0       0x54 build/obj/multistage_envelope.o
                0x08020ab0                elements::MultistageEnvelope::Init()
 *fill*         0x08020b04        0xc 
 .text          0x08020b10     0x1024 build/obj/ominous_voice.o
                0x08020b10                elements::Spatializer::Init(float)
                0x08020b40                elements::Spatializer::Process(float*, float*, float*, unsigned int)
                0x08020d60                elements::FmOscillator::Process(float, float, float, float, float const*, float*, unsigned int)
                0x08020f70                elements::OminousVoice::Init()
                0x08021150                elements::OminousVoice::ConfigureEnvelope(elements::Patch const&)
                0x08021270                elements::OminousVoice::Process(elements::Patch const&, float, float, bool, float const*, float const*, float*, float*, float*, unsigned int)
 *fill*         0x08021b34        0xc 
 .text          0x08021b40      0x6e0 build/obj/resonator.o
                0x08021b40                elements::Resonator::Init()
                0x08021c00                elements::Resonator::ComputeFilters()
                0x08021eb0                elements::Resonator::Process(float const*, float const*, float*, float*, unsigned int)
 .text          0x08022220      0x100 build/obj/string.o
                0x08022220                elements::String::Init(bool)
                0x08022300                elements::String::Process(float const*, float*, float*, unsigned int)
 .text          0x08022320      0x198 build/obj/tube.o
                0x08022320                elements::Tube::Init()
                0x08022330                elements::Tube::Process(float, float, float, float, float*, float, unsigned int)
 *fill*         0x080224b8        0x8 
 .text          0x080224c0      0x960 build/obj/exciter.o
                0x080224c0                elements::Exciter::ProcessGranularSamplePlayer(unsigned char, float*, unsigned int)
                0x08022610                elements::Exciter::ProcessSamplePlayer(unsigned char, float*, unsigned int)
                0x08022810                elements::Exciter::ProcessMallet(unsigned char, float*, unsigned int)
                0x080228a0                elements::Exciter::ProcessPlectrum(unsigned char, float*, unsigned int)
                0x08022980                elements::Exciter::ProcessFlow(unsigned char, float*, unsigned int)
                0x08022a20                elements::Exciter::ProcessNoise(unsigned char, float*, unsigned int)
                0x08022a70                elements::Exciter::ProcessParticles(unsigned char, float*, unsigned int)
                0x08022c80                elements::Exciter::Init()
                0x08022cd0                elements::Exciter::GetPulseAmplitude(float)
                0x08022d00                elements::Exciter::Process(unsigned char, float*, unsigned int)
 .text          0x08022e20        0x0 build/obj/elements_resources.o
 .text          0x08022e20      0xc64 build/obj/part.o
                0x08022e20                elements::Part::Init(unsigned short*)
                0x08022f90                elements::Part::Seed(unsigned long*, unsigned int)
                0x080230c0                elements::Part::Process(elements::PerformanceState const&, float const*, float const*, float*, float*, unsigned int)
 *fill*         0x08023a84        0xc 
 .text          0x08023a90      0xca8 build/obj/voice.o
                0x08023a90                elements::Voice::ResetResonator()
                0x08023ad0                elements::Voice::Init()
                0x08023bc0                elements::Voice::Process(elements::Patch const&, float, float, bool, float const*, float const*, float*, float*, float*, unsigned int)
 *fill*         0x08024738        0x8 
 .text          0x08024740        0x0 build/obj/clouds_resources.o
 .text          0x08024740       0xec build/obj/correlator.o
                0x08024740                clouds::Correlator::Init(unsigned long*, unsigned long*)
                0x08024760                clouds::Correlator::EvaluateNextCandidate()
                0x08024810                clouds::Correlator::StartSearch(long, long, long)
 *fill*         0x0802482c        0x4 
 .text          0x08024830        0x0 build/obj/mu_law.o
 .text          0x08024830     0x4e78 build/obj/granular_processor.o
                0x08024830                clouds::GranularProcessor::ResetFilters()
                0x08024880                clouds::GranularProcessor::Init(void*, unsigned int, void*, unsigned int)
                0x08024910                clouds::GranularProcessor::PreparePersistentData()
                0x08024980                clouds::GranularProcessor::GetPersistentData(clouds::PersistentBlock*, unsigned int*)
                0x080249e0                clouds::GranularProcessor::Prepare()
                0x08025840                clouds::GranularProcessor::LoadPersistentData(unsigned long const*)
                0x08025a40                clouds::GranularProcessor::ProcessGranular(clouds::FloatFrame*, clouds::FloatFrame*, unsigned int)
                0x080280a0                clouds::GranularProcessor::Process(clouds::ShortFrame*, clouds::ShortFrame*, unsigned int)
 *fill*         0x080296a8        0x8 
 .text          0x080296b0      0xbb4 build/obj/frame_transformation.o
                0x080296b0                clouds::FrameTransformation::Init(float*, long, long)
                0x08029720                clouds::FrameTransformation::Reset()
                0x08029760                clouds::FrameTransformation::RectangularToPolar(float*)
                0x080298a0                clouds::FrameTransformation::SetPhases(float*, float, float)
                0x080299a0                clouds::FrameTransformation::PolarToRectangular(float*)
                0x08029a20                clouds::FrameTransformation::AddGlitch(float*)
                0x08029bc0                clouds::FrameTransformation::QuantizeMagnitudes(float*, float)
                0x08029d10                clouds::FrameTransformation::WarpMagnitudes(float*, float*, float)
                0x08029df0                clouds::FrameTransformation::ShiftMagnitudes(float*, float*, float)
                0x08029ee0                clouds::FrameTransformation::StoreMagnitudes(float*, float, float)
                0x0802a0b0                clouds::FrameTransformation::ReplayMagnitudes(float*, float)
                0x0802a120                clouds::FrameTransformation::Process(clouds::Parameters const&, float*, float*)
 *fill*         0x0802a264        0xc 
 .text          0x0802a270      0x1dc build/obj/phase_vocoder.o
                0x0802a270                clouds::PhaseVocoder::Init(void**, unsigned int*, float const*, unsigned int, long, long, float)
                0x0802a3d0                clouds::PhaseVocoder::Process(clouds::Parameters const&, clouds::FloatFrame const*, clouds::FloatFrame*, unsigned int)
                0x0802a420                clouds::PhaseVocoder::Buffer()
 *fill*         0x0802a44c        0x4 
 .text          0x0802a450      0xfbc build/obj/stft.o
                0x0802a450                clouds::STFT::Reset()
                0x0802a4a0                clouds::STFT::Init(stmlib::ShyFFT<float, 4096u, stmlib::RotationPhasor>*, unsigned int, unsigned int, float*, float*, float const*, short*, clouds::FrameTransformation*)
                0x0802a590                clouds::STFT::Process(clouds::Parameters const&, float const*, float*, unsigned int, unsigned int)
                0x0802a650                clouds::STFT::Buffer()
 *fill*         0x0802b40c        0x4 
 .text          0x0802b410        0x0 build/obj/rings_resources.o
 .text          0x0802b410        0x0 build/obj/streams_resources.o
 .text          0x0802b410      0x25c build/obj/compressor.o
                0x0802b410                streams::Compressor::Init()
                0x0802b420                streams::Compressor::Log2(long)
                0x0802b460                streams::Compressor::Exp2(long)
                0x0802b4e0                streams::Compressor::Compress(long, long, long, bool)
                0x0802b580                streams::Compressor::Process(short, short, unsigned short*, unsigned short*)
 *fill*         0x0802b66c        0x4 
 .text          0x0802b670      0x248 build/obj/envelope.o
                0x0802b670                streams::Envelope::Init()
                0x0802b6d0                streams::Envelope::Process(short, short, unsigned short*, unsigned short*)
 *fill*         0x0802b8b8        0x8 
 .text          0x0802b8c0      0x2b8 build/obj/follower.o
                0x0802b8c0                streams::Follower::Init()
                0x0802b920                streams::Follower::Process(short, short, unsigned short*, unsigned short*)
 *fill*         0x0802bb78        0x8 
 .text          0x0802bb80      0x19c build/obj/lorenz_generator.o
                0x0802bb80                streams::LorenzGenerator::Init()
                0x0802bba0                streams::LorenzGenerator::Process(short, short, unsigned short*, unsigned short*)
 *fill*         0x0802bd1c        0x4 
 .text          0x0802bd20       0xb0 build/obj/processor.o
                0x0802bd20                streams::Processor::Init(unsigned char)
 .text          0x0802bdd0       0xf8 build/obj/svf.o
                0x0802bdd0                streams::Svf::Init()
                0x0802bdf0                streams::Svf::Process(long)
 *fill*         0x0802bec8        0x8 
 .text          0x0802bed0      0x370 build/obj/vactrol.o
                0x0802bed0                streams::Vactrol::Init()
                0x0802bee0                streams::Vactrol::Process(short, short, unsigned short*, unsigned short*)
 .text          0x0802c240        0x0 /home/sbcm/Dropbox/pcb-layouts/axo-427-core/ksoloti/platform_linux/bin/../lib/gcc/arm-none-eabi/4.9.3/../../../../arm-none-eabi/lib/armv7e-m/fpu/libm.a(lib_a-sf_cos.o)
 .text          0x0802c240        0x0 /home/sbcm/Dropbox/pcb-layouts/axo-427-core/ksoloti/platform_linux/bin/../lib/gcc/arm-none-eabi/4.9.3/../../../../arm-none-eabi/lib/armv7e-m/fpu/libm.a(lib_a-sf_sin.o)
 .text          0x0802c240        0x0 /home/sbcm/Dropbox/pcb-layouts/axo-427-core/ksoloti/platform_linux/bin/../lib/gcc/arm-none-eabi/4.9.3/../../../../arm-none-eabi/lib/armv7e-m/fpu/libm.a(lib_a-w_log.o)
 .text          0x0802c240        0x0 /home/sbcm/Dropbox/pcb-layouts/axo-427-core/ksoloti/platform_linux/bin/../lib/gcc/arm-none-eabi/4.9.3/../../../../arm-none-eabi/lib/armv7e-m/fpu/libm.a(lib_a-w_pow.o)
 .text          0x0802c240        0x0 /home/sbcm/Dropbox/pcb-layouts/axo-427-core/ksoloti/platform_linux/bin/../lib/gcc/arm-none-eabi/4.9.3/../../../../arm-none-eabi/lib/armv7e-m/fpu/libm.a(lib_a-wf_pow.o)
 .text          0x0802c240        0x0 /home/sbcm/Dropbox/pcb-layouts/axo-427-core/ksoloti/platform_linux/bin/../lib/gcc/arm-none-eabi/4.9.3/../../../../arm-none-eabi/lib/armv7e-m/fpu/libm.a(lib_a-e_log.o)
 .text          0x0802c240        0x0 /home/sbcm/Dropbox/pcb-layouts/axo-427-core/ksoloti/platform_linux/bin/../lib/gcc/arm-none-eabi/4.9.3/../../../../arm-none-eabi/lib/armv7e-m/fpu/libm.a(lib_a-e_pow.o)
 .text          0x0802c240        0x0 /home/sbcm/Dropbox/pcb-layouts/axo-427-core/ksoloti/platform_linux/bin/../lib/gcc/arm-none-eabi/4.9.3/../../../../arm-none-eabi/lib/armv7e-m/fpu/libm.a(lib_a-e_sqrt.o)
 .text          0x0802c240        0x0 /home/sbcm/Dropbox/pcb-layouts/axo-427-core/ksoloti/platform_linux/bin/../lib/gcc/arm-none-eabi/4.9.3/../../../../arm-none-eabi/lib/armv7e-m/fpu/libm.a(lib_a-ef_pow.o)
 .text          0x0802c240        0x0 /home/sbcm/Dropbox/pcb-layouts/axo-427-core/ksoloti/platform_linux/bin/../lib/gcc/arm-none-eabi/4.9.3/../../../../arm-none-eabi/lib/armv7e-m/fpu/libm.a(lib_a-ef_rem_pio2.o)
 .text          0x0802c240        0x0 /home/sbcm/Dropbox/pcb-layouts/axo-427-core/ksoloti/platform_linux/bin/../lib/gcc/arm-none-eabi/4.9.3/../../../../arm-none-eabi/lib/armv7e-m/fpu/libm.a(lib_a-ef_sqrt.o)
 .text          0x0802c240        0x0 /home/sbcm/Dropbox/pcb-layouts/axo-427-core/ksoloti/platform_linux/bin/../lib/gcc/arm-none-eabi/4.9.3/../../../../arm-none-eabi/lib/armv7e-m/fpu/libm.a(lib_a-kf_cos.o)
 .text          0x0802c240        0x0 /home/sbcm/Dropbox/pcb-layouts/axo-427-core/ksoloti/platform_linux/bin/../lib/gcc/arm-none-eabi/4.9.3/../../../../arm-none-eabi/lib/armv7e-m/fpu/libm.a(lib_a-kf_rem_pio2.o)
 .text          0x0802c240        0x0 /home/sbcm/Dropbox/pcb-layouts/axo-427-core/ksoloti/platform_linux/bin/../lib/gcc/arm-none-eabi/4.9.3/../../../../arm-none-eabi/lib/armv7e-m/fpu/libm.a(lib_a-kf_sin.o)
 .text          0x0802c240        0x0 /home/sbcm/Dropbox/pcb-layouts/axo-427-core/ksoloti/platform_linux/bin/../lib/gcc/arm-none-eabi/4.9.3/../../../../arm-none-eabi/lib/armv7e-m/fpu/libm.a(lib_a-s_fabs.o)
 .text          0x0802c240        0x0 /home/sbcm/Dropbox/pcb-layouts/axo-427-core/ksoloti/platform_linux/bin/../lib/gcc/arm-none-eabi/4.9.3/../../../../arm-none-eabi/lib/armv7e-m/fpu/libm.a(lib_a-s_finite.o)
 .text          0x0802c240        0x0 /home/sbcm/Dropbox/pcb-layouts/axo-427-core/ksoloti/platform_linux/bin/../lib/gcc/arm-none-eabi/4.9.3/../../../../arm-none-eabi/lib/armv7e-m/fpu/libm.a(lib_a-s_fpclassify.o)
 .text          0x0802c240        0x0 /home/sbcm/Dropbox/pcb-layouts/axo-427-core/ksoloti/platform_linux/bin/../lib/gcc/arm-none-eabi/4.9.3/../../../../arm-none-eabi/lib/armv7e-m/fpu/libm.a(lib_a-s_lib_ver.o)
 .text          0x0802c240        0x0 /home/sbcm/Dropbox/pcb-layouts/axo-427-core/ksoloti/platform_linux/bin/../lib/gcc/arm-none-eabi/4.9.3/../../../../arm-none-eabi/lib/armv7e-m/fpu/libm.a(lib_a-s_matherr.o)
 .text          0x0802c240        0x0 /home/sbcm/Dropbox/pcb-layouts/axo-427-core/ksoloti/platform_linux/bin/../lib/gcc/arm-none-eabi/4.9.3/../../../../arm-none-eabi/lib/armv7e-m/fpu/libm.a(lib_a-s_nan.o)
 .text          0x0802c240        0x0 /home/sbcm/Dropbox/pcb-layouts/axo-427-core/ksoloti/platform_linux/bin/../lib/gcc/arm-none-eabi/4.9.3/../../../../arm-none-eabi/lib/armv7e-m/fpu/libm.a(lib_a-s_rint.o)
 .text          0x0802c240        0x0 /home/sbcm/Dropbox/pcb-layouts/axo-427-core/ksoloti/platform_linux/bin/../lib/gcc/arm-none-eabi/4.9.3/../../../../arm-none-eabi/lib/armv7e-m/fpu/libm.a(lib_a-s_scalbn.o)
 .text          0x0802c240        0x0 /home/sbcm/Dropbox/pcb-layouts/axo-427-core/ksoloti/platform_linux/bin/../lib/gcc/arm-none-eabi/4.9.3/../../../../arm-none-eabi/lib/armv7e-m/fpu/libm.a(lib_a-sf_fabs.o)
 .text          0x0802c240        0x0 /home/sbcm/Dropbox/pcb-layouts/axo-427-core/ksoloti/platform_linux/bin/../lib/gcc/arm-none-eabi/4.9.3/../../../../arm-none-eabi/lib/armv7e-m/fpu/libm.a(lib_a-sf_finite.o)
 .text          0x0802c240        0x0 /home/sbcm/Dropbox/pcb-layouts/axo-427-core/ksoloti/platform_linux/bin/../lib/gcc/arm-none-eabi/4.9.3/../../../../arm-none-eabi/lib/armv7e-m/fpu/libm.a(lib_a-sf_floor.o)
 .text          0x0802c240        0x0 /home/sbcm/Dropbox/pcb-layouts/axo-427-core/ksoloti/platform_linux/bin/../lib/gcc/arm-none-eabi/4.9.3/../../../../arm-none-eabi/lib/armv7e-m/fpu/libm.a(lib_a-sf_fpclassify.o)
 .text          0x0802c240        0x0 /home/sbcm/Dropbox/pcb-layouts/axo-427-core/ksoloti/platform_linux/bin/../lib/gcc/arm-none-eabi/4.9.3/../../../../arm-none-eabi/lib/armv7e-m/fpu/libm.a(lib_a-sf_nan.o)